// Vitest Snapshot v1

exports[`SplashScreen.vue > should render 1`] = `
<div
  class="c-splash-screen"
>
  <img
    src="/assets/imgs/logo.svg"
  />
  <h2>
    Tradly
  </h2>
</div>
`;
